MAP
  NAME "MAPSERVER QUICKSTART"

  FONTSET "/mapserver/config/fonts.list"

  UNITS DD
  SHAPEPATH "/var/www/"
  SIZE 800 600

  IMAGETYPE PNG24

  PROJECTION
    "init=epsg:3857"
  END

  WEB
    METADATA
      ows_enable_request "*"
    END
  END

  LAYER
    NAME "N00E006_500"
    MAXSCALEDENOM 800000
    MINSCALEDENOM 100000
    PROJECTION
      AUTO
    END
    STATUS OFF
    TYPE LINE
    DATA "N00E006_500.shp"
    GEOMTRANSFORM (smoothsia([shape], 5))
    LABELITEM elev
    CLASS
      LABEL
        COLOR 132 31 31
        OUTLINECOLOR 255 255 255
        OUTLINEWIDTH 2
        TYPE TRUETYPE
        FONT arial
        SIZE 9
        ANTIALIAS TRUE
        ANGLE FOLLOW
        POSITION CL
        PARTIALS false
        REPEATDISTANCE 120
        TEXT (tostring([elev],"%.0f"))
        STYLE
          GEOMTRANSFORM 'labelpoly'
          COLOR 153 153 153
          OFFSET 3 2
        END # STYLE
      END
      STYLE
        COLOR 200 200 200
        OUTLINECOLOR 255 0 0
      END
    END
  END

  LAYER
    NAME "N00E006_200"
    MAXSCALEDENOM 100000
    MINSCALEDENOM 50000
    PROJECTION
      AUTO
    END
    STATUS OFF
    TYPE LINE
    DATA "N00E006_200.shp"
    LABELITEM elev
    GEOMTRANSFORM (smoothsia([shape], 5))
    CLASS
      LABEL
        COLOR 132 31 31
        OUTLINECOLOR 255 255 255
        OUTLINEWIDTH 2
        TYPE TRUETYPE
        FONT arial
        SIZE 9
        ANTIALIAS TRUE
        ANGLE FOLLOW
        POSITION CL
        PARTIALS false
        REPEATDISTANCE 120
        TEXT (tostring([elev],"%.0f"))
        STYLE
          GEOMTRANSFORM 'labelpoly'
          COLOR 153 153 153
          OFFSET 3 2
        END # STYLE
      END
      STYLE
        COLOR 200 200 200
        OUTLINECOLOR 255 0 0
      END
    END
  END

  LAYER
    NAME "N00E006_100"
    MAXSCALEDENOM 50000
    MINSCALEDENOM 10000
    PROJECTION
      AUTO
    END
    STATUS ON
    TYPE LINE
    DATA "N00E006_100.shp"
    LABELITEM elev
    GEOMTRANSFORM (smoothsia([shape], 5))
    CLASS
      LABEL
        COLOR 132 31 31
        OUTLINECOLOR 255 255 255
        OUTLINEWIDTH 2
        TYPE TRUETYPE
        FONT arial
        SIZE 9
        ANTIALIAS TRUE
        ANGLE FOLLOW
        POSITION CL
        PARTIALS false
        REPEATDISTANCE 120
        TEXT (tostring([elev],"%.0f"))
        STYLE
          GEOMTRANSFORM 'labelpoly'
          COLOR 153 153 153
          OFFSET 3 2
        END # STYLE
      END
      STYLE
        COLOR 200 200 200
        OUTLINECOLOR 255 0 0
      END
    END
  END

  LAYER
    NAME "N00E006_50"
    MAXSCALEDENOM 10000
    MINSCALEDENOM 4000
    PROJECTION
      AUTO
    END
    STATUS ON
    TYPE LINE
    DATA "N00E006_50.shp"
    LABELITEM elev
    GEOMTRANSFORM (smoothsia([shape], 5))
    CLASS
      LABEL
        COLOR 132 31 31
        OUTLINECOLOR 255 255 255
        OUTLINEWIDTH 2
        TYPE TRUETYPE
        FONT arial
        SIZE 9
        ANTIALIAS TRUE
        ANGLE FOLLOW
        POSITION CL
        PARTIALS false
        REPEATDISTANCE 120
        TEXT (tostring([elev],"%.0f"))
        STYLE
          GEOMTRANSFORM 'labelpoly'
          COLOR 153 153 153
          OFFSET 3 2
        END # STYLE
      END
      STYLE
        COLOR 200 200 200
        OUTLINECOLOR 255 0 0
      END
    END
  END

  LAYER
    NAME "N00E006_20"
    MAXSCALEDENOM 4000
    MINSCALEDENOM 2000
    PROJECTION
      AUTO
    END
    STATUS ON
    TYPE LINE
    DATA "N00E006_20.shp"
    GEOMTRANSFORM (smoothsia([shape], 5))
    CLASS
      LABEL
        COLOR 132 31 31
        OUTLINECOLOR 255 255 255
        OUTLINEWIDTH 2
        TYPE TRUETYPE
        FONT arial
        SIZE 9
        ANTIALIAS TRUE
        ANGLE FOLLOW
        POSITION CL
        PARTIALS false
        REPEATDISTANCE 120
        TEXT (tostring([elev],"%.0f"))
        STYLE
          GEOMTRANSFORM 'labelpoly'
          COLOR 153 153 153
          OFFSET 3 2
        END # STYLE
      END
      STYLE
        COLOR 200 200 200
        OUTLINECOLOR 255 0 0
      END
    END
  END

  LAYER
    NAME "N00E006_10"
    MAXSCALEDENOM 2000
    PROJECTION
      AUTO
    END
    STATUS ON
    TYPE LINE
    DATA "N00E006_10.shp"
    GEOMTRANSFORM (smoothsia([shape], 5))
    CLASS
      LABEL
        COLOR 132 31 31
        OUTLINECOLOR 255 255 255
        OUTLINEWIDTH 2
        TYPE TRUETYPE
        FONT arial
        SIZE 9
        ANTIALIAS TRUE
        ANGLE FOLLOW
        POSITION CL
        PARTIALS false
        REPEATDISTANCE 120
        TEXT (tostring([elev],"%.0f"))
        STYLE
          GEOMTRANSFORM 'labelpoly'
          COLOR 153 153 153
          OFFSET 3 2
        END # STYLE
      END
      STYLE
        COLOR 200 200 200
        OUTLINECOLOR 255 0 0
      END
    END
  END
END
